============================= test session starts =============================
platform win32 -- Python 3.13.5, pytest-8.3.4, pluggy-1.5.0
rootdir: C:\Users\PC\Desktop\ALgoQuest
plugins: anyio-4.7.0
collected 0 items / 1 error

=================================== ERRORS ====================================
___________ ERROR collecting priority_scoring/tests/test_scorer.py ____________
ImportError while importing test module 'C:\Users\PC\Desktop\ALgoQuest\priority_scoring\tests\test_scorer.py'.
Hint: make sure your test modules/packages have valid Python names.
Traceback:
D:\Users\PC\anaconda3\Lib\importlib\__init__.py:88: in import_module
    return _bootstrap._gcd_import(name[level:], package, level)
priority_scoring\tests\test_scorer.py:7: in <module>
    from services.scorer import PriorityScorerService
priority_scoring\services\__init__.py:5: in <module>
    from .deadline import DeadlineService
priority_scoring\services\deadline.py:6: in <module>
    import dateparser
E   ModuleNotFoundError: No module named 'dateparser'
============================== warnings summary ===============================
D:\Users\PC\anaconda3\Lib\site-packages\pydantic\_internal\_config.py:295
D:\Users\PC\anaconda3\Lib\site-packages\pydantic\_internal\_config.py:295
D:\Users\PC\anaconda3\Lib\site-packages\pydantic\_internal\_config.py:295
D:\Users\PC\anaconda3\Lib\site-packages\pydantic\_internal\_config.py:295
D:\Users\PC\anaconda3\Lib\site-packages\pydantic\_internal\_config.py:295
D:\Users\PC\anaconda3\Lib\site-packages\pydantic\_internal\_config.py:295
  D:\Users\PC\anaconda3\Lib\site-packages\pydantic\_internal\_config.py:295: PydanticDeprecatedSince20: Support for class-based `config` is deprecated, use ConfigDict instead. Deprecated in Pydantic V2.0 to be removed in V3.0. See Pydantic V2 Migration Guide at https://errors.pydantic.dev/2.10/migration/
    warnings.warn(DEPRECATION_MESSAGE, DeprecationWarning)

priority_scoring\models\database.py:20
  C:\Users\PC\Desktop\ALgoQuest\priority_scoring\models\database.py:20: MovedIn20Warning: The ``declarative_base()`` function is now available as sqlalchemy.orm.declarative_base(). (deprecated since: 2.0) (Background on SQLAlchemy 2.0 at: https://sqlalche.me/e/b8d9)
    Base = declarative_base()

priority_scoring\services\gemini_client.py:5
  C:\Users\PC\Desktop\ALgoQuest\priority_scoring\services\gemini_client.py:5: FutureWarning: 
  
  All support for the `google.generativeai` package has ended. It will no longer be receiving 
  updates or bug fixes. Please switch to the `google.genai` package as soon as possible.
  See README for more details:
  
  https://github.com/google-gemini/deprecated-generative-ai-python/blob/main/README.md
  
    import google.generativeai as genai

-- Docs: https://docs.pytest.org/en/stable/how-to/capture-warnings.html
=========================== short test summary info ===========================
ERROR priority_scoring/tests/test_scorer.py
!!!!!!!!!!!!!!!!!!! Interrupted: 1 error during collection !!!!!!!!!!!!!!!!!!!!
======================== 8 warnings, 1 error in 7.95s =========================
